<channel><title>title</title><link>link</link><description>description</description></channel>